// Jest Snapshot v1, https://goo.gl/fbAQLP

exports[`<StartPage/> is start page snapshot 1`] = `
<div>
  <div
    class="App"
  >
    <div
      class="App-header"
    >
      <p>
        즐거운 퀴즈!!
      </p>
      <button
        class="MuiButtonBase-root MuiButton-root MuiButton-contained MuiButton-containedPrimary MuiButton-sizeMedium MuiButton-containedSizeMedium MuiButton-root MuiButton-contained MuiButton-containedPrimary MuiButton-sizeMedium MuiButton-containedSizeMedium css-sghohy-MuiButtonBase-root-MuiButton-root"
        tabindex="0"
        type="button"
      >
        퀴즈 시작해볼까요?
        <span
          class="MuiTouchRipple-root css-8je8zh-MuiTouchRipple-root"
        />
      </button>
    </div>
  </div>
</div>
`;
